This is pdfTeX, Version 3.141592653-2.6-1.40.27 (MiKTeX 25.4) (preloaded format=pdflatex 2025.10.6)  21 JUN 2026 20:31
entering extended mode
 restricted \write18 enabled.
 %&-line parsing enabled.
**./hari_krishna_mohan_raj_assignment_4.tex
(hari_krishna_mohan_raj_assignment_4.tex
LaTeX2e <2025-06-01> patch level 1
L3 programming layer <2025-09-02>
(ws-procs11x85.cls
(C:\Users\harik\AppData\Local\Programs\MiKTeX\tex/latex/amsfonts\amsfonts.sty
Package: amsfonts 2013/01/14 v3.01 Basic AMSFonts support
\@emptytoks=\toks17
\symAMSa=\mathgroup4
\symAMSb=\mathgroup5
LaTeX Font Info:    Redeclaring math symbol \hbar on input line 98.
LaTeX Font Info:    Overwriting math alphabet `\mathfrak' in version `bold'
(Font)                  U/euf/m/n --> U/euf/b/n on input line 106.
)
(C:\Users\harik\AppData\Local\Programs\MiKTeX\tex/latex/amsfonts\amssymb.sty
Package: amssymb 2013/01/14 v3.01 AMS font symbols
)
(C:\Users\harik\AppData\Local\Programs\MiKTeX\tex/latex/amsmath\amsmath.sty
Package: amsmath 2025/06/16 v2.17y AMS math features
\@mathmargin=\skip49

For additional information on amsmath, use the `?' option.
(C:\Users\harik\AppData\Local\Programs\MiKTeX\tex/latex/amsmath\amstext.sty
Package: amstext 2024/11/17 v2.01 AMS text

(C:\Users\harik\AppData\Local\Programs\MiKTeX\tex/latex/amsmath\amsgen.sty
File: amsgen.sty 1999/11/30 v2.0 generic functions
\@emptytoks=\toks18
\ex@=\dimen148
))
(C:\Users\harik\AppData\Local\Programs\MiKTeX\tex/latex/amsmath\amsbsy.sty
Package: amsbsy 1999/11/29 v1.2d Bold Symbols
\pmbraise@=\dimen149
)
(C:\Users\harik\AppData\Local\Programs\MiKTeX\tex/latex/amsmath\amsopn.sty
Package: amsopn 2022/04/08 v2.04 operator names
)
\inf@bad=\count275
LaTeX Info: Redefining \frac on input line 233.
\uproot@=\count276
\leftroot@=\count277
LaTeX Info: Redefining \overline on input line 398.
LaTeX Info: Redefining \colon on input line 409.
\classnum@=\count278
\DOTSCASE@=\count279
LaTeX Info: Redefining \ldots on input line 495.
LaTeX Info: Redefining \dots on input line 498.
LaTeX Info: Redefining \cdots on input line 619.
\Mathstrutbox@=\box53
\strutbox@=\box54
LaTeX Info: Redefining \big on input line 721.
LaTeX Info: Redefining \Big on input line 722.
LaTeX Info: Redefining \bigg on input line 723.
LaTeX Info: Redefining \Bigg on input line 724.
\big@size=\dimen150
LaTeX Font Info:    Redeclaring font encoding OML on input line 742.
LaTeX Font Info:    Redeclaring font encoding OMS on input line 743.
\macc@depth=\count280
LaTeX Info: Redefining \bmod on input line 904.
LaTeX Info: Redefining \pmod on input line 909.
LaTeX Info: Redefining \smash on input line 939.
LaTeX Info: Redefining \relbar on input line 969.
LaTeX Info: Redefining \Relbar on input line 970.
\c@MaxMatrixCols=\count281
\dotsspace@=\muskip17
\c@parentequation=\count282
\dspbrk@lvl=\count283
\tag@help=\toks19
\row@=\count284
\column@=\count285
\maxfields@=\count286
\andhelp@=\toks20
\eqnshift@=\dimen151
\alignsep@=\dimen152
\tagshift@=\dimen153
\tagwidth@=\dimen154
\totwidth@=\dimen155
\lineht@=\dimen156
\@envbody=\toks21
\multlinegap=\skip50
\multlinetaggap=\skip51
\mathdisplay@stack=\toks22
LaTeX Info: Redefining \[ on input line 2949.
LaTeX Info: Redefining \] on input line 2950.
)
Document Class: ws-procs11x85 2000/12/15 v1.2u Standard LaTeX document class
\wsdraftrule=\dimen157
\minute=\count287
\hour=\count288
\trimheight=\dimen158
\trimwidth=\dimen159
\typeheight=\dimen160
\typewidth=\dimen161
\tempdimen=\dimen162
\tablewidth=\dimen163
\normaltextheight=\dimen164
\tempbox=\box55
\tablewd=\dimen165
\c@part=\count289
\c@ptitl=\count290
\@tempcntc=\count291
\c@section=\count292
\c@subsection=\count293
\c@subsubsection=\count294
\c@paragraph=\count295
\c@subparagraph=\count296
\abovecaptionskip=\skip52
\belowcaptionskip=\skip53
\captionbox=\box56
\c@figure=\count297
\c@table=\count298
\bibindent=\dimen166
\c@appendixc=\count299
\c@subappendixc=\count300
\c@subsubappendixc=\count301
(ws-rotating.sty
Package: ws-rotating 1997/09/26, v2.13 Rotation package

(C:\Users\harik\AppData\Local\Programs\MiKTeX\tex/latex/graphics\graphicx.sty
Package: graphicx 2024/12/31 v1.2e Enhanced LaTeX Graphics (DPC,SPQR)

(C:\Users\harik\AppData\Local\Programs\MiKTeX\tex/latex/graphics\keyval.sty
Package: keyval 2022/05/29 v1.15 key=value parser (DPC)
\KV@toks@=\toks23
)
(C:\Users\harik\AppData\Local\Programs\MiKTeX\tex/latex/graphics\graphics.sty
Package: graphics 2024/08/06 v1.4g Standard LaTeX Graphics (DPC,SPQR)

(C:\Users\harik\AppData\Local\Programs\MiKTeX\tex/latex/graphics\trig.sty
Package: trig 2023/12/02 v1.11 sin cos tan (DPC)
)
(C:\Users\harik\AppData\Local\Programs\MiKTeX\tex/latex/graphics-cfg\graphics.c
fg
File: graphics.cfg 2016/06/04 v1.11 sample graphics configuration
)
Package graphics Info: Driver file: pdftex.def on input line 106.

(C:\Users\harik\AppData\Local\Programs\MiKTeX\tex/latex/graphics-def\pdftex.def
File: pdftex.def 2024/04/13 v1.2c Graphics/color driver for pdftex
))
\Gin@req@height=\dimen167
\Gin@req@width=\dimen168
) (C:\Users\harik\AppData\Local\Programs\MiKTeX\tex/latex/base\ifthen.sty
Package: ifthen 2024/03/16 v1.1e Standard LaTeX ifthen package (DPC)
)
\c@r@tfl@t=\count302
\rot@float@box=\box57
)
(C:\Users\harik\AppData\Local\Programs\MiKTeX\tex/latex/url\url.sty
\Urlmuskip=\muskip18
Package: url 2013/09/16  ver 3.4  Verb mode for urls, etc.
)
(C:\Users\harik\AppData\Local\Programs\MiKTeX\tex/latex/cite\chapterbib.sty
\c@inputfile=\count303
Package: chapterbib 2010/09/18  v 1.17
)
(cite.sty
LaTeX Info: Redefining \cite on input line 149.
LaTeX Info: Redefining \nocite on input line 214.
Package: cite 2003/11/04  v 4.01
LaTeX Info: Redefining \cite on input line 282.
)) (ws-procs-thm.sty
Package: ws-procs-thm 2014/01/20 WSPC Theorem Style
\c@theorem=\count304
\c@algorithm=\count305
\c@assertion=\count306
\c@assumption=\count307
\c@claim=\count308
\c@conjecture=\count309
\c@convention=\count310
\c@corollary=\count311
\c@criterion=\count312
\c@definition=\count313
\c@example=\count314
\c@lemma=\count315
\c@notation=\count316
\c@observation=\count317
\c@problem=\count318
\c@prop=\count319
\c@proposition=\count320
\c@question=\count321
\c@remark=\count322
)
(C:\Users\harik\AppData\Local\Programs\MiKTeX\tex/latex/l3backend\l3backend-pdf
tex.def
File: l3backend-pdftex.def 2025-06-09 L3 backend support: PDF output (pdfTeX)
\l__color_backend_stack_int=\count323
) (hari_krishna_mohan_raj_assignment_4.aux)
\openout1 = `hari_krishna_mohan_raj_assignment_4.aux'.

LaTeX Font Info:    Checking defaults for OML/cmm/m/it on input line 17.
LaTeX Font Info:    ... okay on input line 17.
LaTeX Font Info:    Checking defaults for OMS/cmsy/m/n on input line 17.
LaTeX Font Info:    ... okay on input line 17.
LaTeX Font Info:    Checking defaults for OT1/cmr/m/n on input line 17.
LaTeX Font Info:    ... okay on input line 17.
LaTeX Font Info:    Checking defaults for T1/cmr/m/n on input line 17.
LaTeX Font Info:    ... okay on input line 17.
LaTeX Font Info:    Checking defaults for TS1/cmr/m/n on input line 17.
LaTeX Font Info:    ... okay on input line 17.
LaTeX Font Info:    Checking defaults for OMX/cmex/m/n on input line 17.
LaTeX Font Info:    ... okay on input line 17.
LaTeX Font Info:    Checking defaults for U/cmr/m/n on input line 17.
LaTeX Font Info:    ... okay on input line 17.

(C:\Users\harik\AppData\Local\Programs\MiKTeX\tex/context/base/mkii\supp-pdf.mk
ii
[Loading MPS to PDF converter (version 2006.09.02).]
\scratchcounter=\count324
\scratchdimen=\dimen169
\scratchbox=\box58
\nofMPsegments=\count325
\nofMParguments=\count326
\everyMPshowfont=\toks24
\MPscratchCnt=\count327
\MPscratchDim=\dimen170
\MPnumerator=\count328
\makeMPintoPDFobject=\count329
\everyMPtoPDFconversion=\toks25
)
(C:\Users\harik\AppData\Local\Programs\MiKTeX\tex/latex/epstopdf-pkg\epstopdf-b
ase.sty
Package: epstopdf-base 2020-01-24 v2.11 Base part for package epstopdf
Package epstopdf-base Info: Redefining graphics rule for `.eps' on input line 4
85.

(C:\Users\harik\AppData\Local\Programs\MiKTeX\tex/latex/00miktex\epstopdf-sys.c
fg
File: epstopdf-sys.cfg 2021/03/18 v2.0 Configuration of epstopdf for MiKTeX
))
LaTeX Font Info:    Trying to load font information for U+msa on input line 19.

 (C:\Users\harik\AppData\Local\Programs\MiKTeX\tex/latex/amsfonts\umsa.fd
File: umsa.fd 2013/01/14 v3.01 AMS symbols A
)
LaTeX Font Info:    Trying to load font information for U+msb on input line 19.


(C:\Users\harik\AppData\Local\Programs\MiKTeX\tex/latex/amsfonts\umsb.fd
File: umsb.fd 2013/01/14 v3.01 AMS symbols B
)

[1

{C:/Users/harik/AppData/Local/MiKTeX/fonts/map/pdftex/pdftex.map}]

[2]

[3] (hari_krishna_mohan_raj_assignment_4.aux) ) 
Here is how much of TeX's memory you used:
 3282 strings out of 468130
 47262 string characters out of 5430633
 448923 words of memory out of 5000000
 31887 multiletter control sequences out of 15000+600000
 634350 words of font info for 69 fonts, out of 8000000 for 9000
 1141 hyphenation exceptions out of 8191
 87i,7n,93p,335b,172s stack positions out of 10000i,1000n,20000p,200000b,200000s
 <C:\Users\harik\AppData\Local\M
iKTeX\fonts/pk/ljfour/jknappen/ec/dpi600\tcrm1095.pk><C:/Users/harik/AppData/Lo
cal/Programs/MiKTeX/fonts/type1/public/amsfonts/cm/cmbx10.pfb><C:/Users/harik/A
ppData/Local/Programs/MiKTeX/fonts/type1/public/amsfonts/cm/cmbx12.pfb><C:/User
s/harik/AppData/Local/Programs/MiKTeX/fonts/type1/public/amsfonts/cm/cmr10.pfb>
<C:/Users/harik/AppData/Local/Programs/MiKTeX/fonts/type1/public/amsfonts/cm/cm
r12.pfb><C:/Users/harik/AppData/Local/Programs/MiKTeX/fonts/type1/public/amsfon
ts/cm/cmti10.pfb>
Output written on hari_krishna_mohan_raj_assignment_4.pdf (3 pages, 101550 byte
s).
PDF statistics:
 42 PDF objects out of 1000 (max. 8388607)
 0 named destinations out of 1000 (max. 500000)
 1 words of extra memory for PDF output out of 10000 (max. 10000000)

